---
source: crates/r2s/tests/commands.rs
expression: run.out
---
uint64_t fnv1a32(uint64_t RDI_0, uint64_t RSI_0)
{
    /* r2dec proof: no individual construct is marked; 42 source obligations: 28 rendered, 14 elided, 0 refused; 12 statements rendered; 1 held from entry */
    if (RSI_0 == 0) {
        return 0x811c9dc5;
    } else {
        uint64_t RAX_1;
        RSI_0 += RDI_0;
        RAX_1 = 0x811c9dc5;
        for (; ; ) {
            uint8_t tmp_11e00_2 = *(uint8_t*)RDI_0;
            RDI_0++;
            RAX_1 = (uint64_t)(uint32_t)((uint64_t)(int32_t)((uint32_t)tmp_11e00_2 ^ (uint32_t)RAX_1) * 0x1000193);
            if (RSI_0 == RDI_0) {
                break;
            }
        }
        return RAX_1;
    }
}
